<html>
<body>
<pre>
<h1>µVision Build Log</h1>
<h2>Tool Versions:</h2>
IDE-Version: µVision V5.31.0.0
Copyright (C) 2020 ARM Ltd and ARM Germany GmbH. All rights reserved.
License Information: Reza Ab, ef, LIC=GMZI6-DXU53-8T53P-MLHQH-NC0LS-TZJY8
 
Tool Versions:
Toolchain:       MDK-ARM Plus  Version: 5.31.0.0
Toolchain Path:  D:\Program Files\Keil_v5\ARM\ARMCC\Bin
C Compiler:      Armcc.exe V5.06 update 6 (build 750)
Assembler:       Armasm.exe V5.06 update 6 (build 750)
Linker/Locator:  ArmLink.exe V5.06 update 6 (build 750)
Library Manager: ArmAr.exe V5.06 update 6 (build 750)
Hex Converter:   FromElf.exe V5.06 update 6 (build 750)
CPU DLL:         SARMCM3.DLL V5.31.0.0
Dialog DLL:      DCM.DLL V1.17.3.0
Target DLL:      STLink\ST-LINKIII-KEIL_SWO.dll V3.0.7.0
Dialog DLL:      TCM.DLL V1.46.0.0
 
<h2>Project:</h2>
E:\uni\7\mp az\projects\Smart house\MDK-ARM\Smart house.uvprojx
Project File Date:  01/11/2021

<h2>Output:</h2>
*** Using Compiler 'V5.06 update 6 (build 750)', folder: 'D:\Program Files\Keil_v5\ARM\ARMCC\Bin'
Build target 'Smart house'
assembling startup_stm32f303xc.s...
compiling stm32f3xx_it.c...
../Src/stm32f3xx_it.c(46): warning:  #188-D: enumerated type mixed with another type
  	HAL_GPIO_WritePin(GPIOD, GPIO_PIN_8, set);
../Src/stm32f3xx_it.c(47): warning:  #188-D: enumerated type mixed with another type
  	HAL_GPIO_WritePin(GPIOD, GPIO_PIN_9, set);
../Src/stm32f3xx_it.c(48): warning:  #188-D: enumerated type mixed with another type
  	HAL_GPIO_WritePin(GPIOD, GPIO_PIN_10, set);
../Src/stm32f3xx_it.c(49): warning:  #188-D: enumerated type mixed with another type
  	HAL_GPIO_WritePin(GPIOD, GPIO_PIN_11, set);
../Src/stm32f3xx_it.c(137): warning:  #188-D: enumerated type mixed with another type
  				HAL_GPIO_WritePin(GPIOD, GPIO_PIN_8, 1);
../Src/stm32f3xx_it.c(140): warning:  #188-D: enumerated type mixed with another type
  				HAL_GPIO_WritePin(GPIOD, GPIO_PIN_8, 0);
../Src/stm32f3xx_it.c(142): warning:  #188-D: enumerated type mixed with another type
  				HAL_GPIO_WritePin(GPIOD, GPIO_PIN_9, 1);
../Src/stm32f3xx_it.c(145): warning:  #188-D: enumerated type mixed with another type
  				HAL_GPIO_WritePin(GPIOD, GPIO_PIN_9, 0);
../Src/stm32f3xx_it.c(147): warning:  #188-D: enumerated type mixed with another type
  				HAL_GPIO_WritePin(GPIOD, GPIO_PIN_10, 1);
../Src/stm32f3xx_it.c(150): warning:  #188-D: enumerated type mixed with another type
  				HAL_GPIO_WritePin(GPIOD, GPIO_PIN_10, 0);
../Src/stm32f3xx_it.c(152): warning:  #188-D: enumerated type mixed with another type
  				HAL_GPIO_WritePin(GPIOD, GPIO_PIN_11, 1);
../Src/stm32f3xx_it.c: 11 warnings, 0 errors
compiling LiquidCrystal.c...
compiling system_stm32f3xx.c...
compiling stm32f3xx_hal_spi.c...
compiling stm32f3xx_hal_gpio.c...
compiling main.c...
../Src/main.c(94): warning:  #188-D: enumerated type mixed with another type
  		HAL_GPIO_WritePin(GPIOC,GPIO_PIN_0,x1 > 0);
../Src/main.c(95): warning:  #188-D: enumerated type mixed with another type
  		HAL_GPIO_WritePin(GPIOC,GPIO_PIN_1,x2 > 0);
../Src/main.c(96): warning:  #188-D: enumerated type mixed with another type
  		HAL_GPIO_WritePin(GPIOC,GPIO_PIN_2,x3 > 0);
../Src/main.c(97): warning:  #188-D: enumerated type mixed with another type
  		HAL_GPIO_WritePin(GPIOC,GPIO_PIN_3,x4 > 0);
../Src/main.c(101): warning:  #188-D: enumerated type mixed with another type
  		HAL_GPIO_WritePin(GPIOF,GPIO_PIN_9| GPIO_PIN_10,1);
../Src/main.c(102): warning:  #188-D: enumerated type mixed with another type
  		HAL_GPIO_WritePin(GPIOC,GPIO_PIN_13,1);
../Src/main.c(103): warning:  #188-D: enumerated type mixed with another type
  		HAL_GPIO_WritePin(GPIOE,GPIO_PIN_6,1);
../Src/main.c(104): warning:  #188-D: enumerated type mixed with another type
  		HAL_GPIO_WritePin(GPIOB,GPIO_PIN_2,0);
../Src/main.c(152): warning:  #188-D: enumerated type mixed with another type
  	HAL_GPIO_WritePin(GPIOD, GPIO_PIN_8, 1);
../Src/main.c(153): warning:  #188-D: enumerated type mixed with another type
  	HAL_GPIO_WritePin(GPIOD, GPIO_PIN_9, 1);
../Src/main.c(154): warning:  #188-D: enumerated type mixed with another type
  	HAL_GPIO_WritePin(GPIOD, GPIO_PIN_10, 1);
../Src/main.c(155): warning:  #188-D: enumerated type mixed with another type
  	HAL_GPIO_WritePin(GPIOD, GPIO_PIN_11, 1);
../Src/main.c(172): warning:  #177-D: variable "brightness"  was declared but never referenced
  	int brightness = 0;
../Src/main.c: 13 warnings, 0 errors
compiling stm32f3xx_hal_msp.c...
compiling stm32f3xx_hal_pwr_ex.c...
compiling stm32f3xx_hal_flash.c...
compiling stm32f3xx_hal_cortex.c...
compiling stm32f3xx_hal_rcc_ex.c...
compiling stm32f3xx_hal_pwr.c...
compiling stm32f3xx_hal_i2c.c...
compiling stm32f3xx_hal_rcc.c...
compiling stm32f3xx_hal_pcd_ex.c...
compiling stm32f3xx_hal_dma.c...
compiling stm32f3xx_hal_spi_ex.c...
compiling stm32f3xx_hal_tim_ex.c...
compiling stm32f3xx_hal.c...
compiling stm32f3xx_hal_pcd.c...
compiling stm32f3xx_hal_tim.c...
compiling stm32f3xx_hal_i2c_ex.c...
compiling stm32f3xx_hal_adc.c...
compiling stm32f3xx_hal_flash_ex.c...
compiling stm32f3xx_hal_uart_ex.c...
compiling stm32f3xx_hal_uart.c...
compiling stm32f3xx_hal_adc_ex.c...
linking...
Program Size: Code=14236 RO-data=488 RW-data=48 ZI-data=2584  
"Smart house\Smart house.axf" - 0 Error(s), 24 Warning(s).

<h2>Software Packages used:</h2>

Package Vendor: ARM
                http://www.keil.com/pack/ARM.CMSIS.5.7.0.pack
                ARM.CMSIS.5.7.0
                CMSIS (Cortex Microcontroller Software Interface Standard)
   * Component: CORE Version: 5.4.0

Package Vendor: Keil
                http://www.keil.com/pack/Keil.STM32F3xx_DFP.2.1.0.pack
                Keil.STM32F3xx_DFP.2.1.0
                STMicroelectronics STM32F3 Series Device Support and Examples

<h2>Collection of Component include folders:</h2>
  .\RTE\_Smart_house
  C:\Users\User\AppData\Local\Arm\Packs\ARM\CMSIS\5.7.0\CMSIS\Core\Include
  C:\Users\User\AppData\Local\Arm\Packs\Keil\STM32F3xx_DFP\2.1.0\Drivers\CMSIS\Device\ST\STM32F3xx\Include

<h2>Collection of Component Files used:</h2>

   * Component: ARM::CMSIS:CORE:5.4.0
Build Time Elapsed:  00:00:18
</pre>
</body>
</html>
