<html>
<body>
<pre>
<h1>µVision Build Log</h1>
<h2>Tool Versions:</h2>
IDE-Version: µVision V5.31.0.0
Copyright (C) 2020 ARM Ltd and ARM Germany GmbH. All rights reserved.
License Information: Reza Ab, ef, LIC=GMZI6-DXU53-8T53P-MLHQH-NC0LS-TZJY8
 
Tool Versions:
Toolchain:       MDK-ARM Plus  Version: 5.31.0.0
Toolchain Path:  D:\Program Files\Keil_v5\ARM\ARMCC\Bin
C Compiler:      Armcc.exe V5.06 update 6 (build 750)
Assembler:       Armasm.exe V5.06 update 6 (build 750)
Linker/Locator:  ArmLink.exe V5.06 update 6 (build 750)
Library Manager: ArmAr.exe V5.06 update 6 (build 750)
Hex Converter:   FromElf.exe V5.06 update 6 (build 750)
CPU DLL:         SARMCM3.DLL V5.31.0.0
Dialog DLL:      DCM.DLL V1.17.3.0
Target DLL:      STLink\ST-LINKIII-KEIL_SWO.dll V3.0.7.0
Dialog DLL:      TCM.DLL V1.46.0.0
 
<h2>Project:</h2>
E:\uni\7\mp az\projects\SmartHouse\MDK-ARM\SmartHouse.uvprojx
Project File Date:  01/26/2021

<h2>Output:</h2>
*** Using Compiler 'V5.06 update 6 (build 750)', folder: 'D:\Program Files\Keil_v5\ARM\ARMCC\Bin'
Build target 'SmartHouse'
compiling stm32f3xx_it.c...
../Src/stm32f3xx_it.c(94): warning:  #167-D: argument of type "unsigned char *" is incompatible with parameter of type "char *restrict"
  	int n = sprintf(log, "%02d/%02d/20%02d %02d:%02d:%02d %s\n",
../Src/stm32f3xx_it.c(106): warning:  #188-D: enumerated type mixed with another type
  		HAL_GPIO_WritePin(GPIOE, GPIO_PIN_8|GPIO_PIN_9|GPIO_PIN_10|GPIO_PIN_11|GPIO_PIN_12|GPIO_PIN_13|GPIO_PIN_14|GPIO_PIN_15, 0);
../Src/stm32f3xx_it.c(222): warning:  #188-D: enumerated type mixed with another type
  	HAL_GPIO_WritePin(GPIOC,GPIO_PIN_0,x1 > 0);
../Src/stm32f3xx_it.c(223): warning:  #188-D: enumerated type mixed with another type
  	HAL_GPIO_WritePin(GPIOC,GPIO_PIN_1,x2 > 0);
../Src/stm32f3xx_it.c(224): warning:  #188-D: enumerated type mixed with another type
  	HAL_GPIO_WritePin(GPIOC,GPIO_PIN_2,x3 > 0);
../Src/stm32f3xx_it.c(225): warning:  #188-D: enumerated type mixed with another type
  	HAL_GPIO_WritePin(GPIOC,GPIO_PIN_3,x4 > 0);
../Src/stm32f3xx_it.c(229): warning:  #188-D: enumerated type mixed with another type
  	HAL_GPIO_WritePin(GPIOF,GPIO_PIN_9| GPIO_PIN_10,1);
../Src/stm32f3xx_it.c(230): warning:  #188-D: enumerated type mixed with another type
  	HAL_GPIO_WritePin(GPIOC,GPIO_PIN_13,1);
../Src/stm32f3xx_it.c(231): warning:  #188-D: enumerated type mixed with another type
  	HAL_GPIO_WritePin(GPIOE,GPIO_PIN_6,1);
../Src/stm32f3xx_it.c(232): warning:  #188-D: enumerated type mixed with another type
  	HAL_GPIO_WritePin(GPIOB,GPIO_PIN_2,0);
../Src/stm32f3xx_it.c(306): warning:  #186-D: pointless comparison of unsigned integer with zero
  		if(myTime.Hours >=0 && myTime.Hours <7){
../Src/stm32f3xx_it.c(333): warning:  #188-D: enumerated type mixed with another type
  			HAL_GPIO_WritePin(GPIOF, GPIO_PIN_9, 0);
../Src/stm32f3xx_it.c(338): warning:  #188-D: enumerated type mixed with another type
  			HAL_GPIO_WritePin(GPIOF, GPIO_PIN_10, 0);
../Src/stm32f3xx_it.c(340): warning:  #188-D: enumerated type mixed with another type
  			HAL_GPIO_WritePin(GPIOB,GPIO_PIN_2,1);
../Src/stm32f3xx_it.c(344): warning:  #188-D: enumerated type mixed with another type
  			HAL_GPIO_WritePin(GPIOC, GPIO_PIN_13, 0);
../Src/stm32f3xx_it.c(349): warning:  #188-D: enumerated type mixed with another type
  			HAL_GPIO_WritePin(GPIOE, GPIO_PIN_6, 0);
../Src/stm32f3xx_it.c(383): warning:  #188-D: enumerated type mixed with another type
  			HAL_GPIO_WritePin(GPIOB, GPIO_PIN_8, 1); // relay cooling system
../Src/stm32f3xx_it.c(397): warning:  #188-D: enumerated type mixed with another type
  		HAL_GPIO_WritePin(GPIOB, GPIO_PIN_8, 0); // relay cooling system
../Src/stm32f3xx_it.c(527): warning:  #223-D: function "atoi" declared implicitly
  			localTime.Hours = atoi(hourStr);
../Src/stm32f3xx_it.c(547): warning:  #167-D: argument of type "char *" is incompatible with parameter of type "uint8_t *"
  	HAL_UART_Receive_IT(&huart3, &uartChar, sizeof(uartChar));
../Src/stm32f3xx_it.c(565): warning:  #186-D: pointless comparison of unsigned integer with zero
  				if(myTime.Hours >= 0 && myTime.Hours < 7){
../Src/stm32f3xx_it.c(616): warning:  #188-D: enumerated type mixed with another type
  				HAL_GPIO_WritePin(GPIOD, GPIO_PIN_8|GPIO_PIN_9|GPIO_PIN_10|GPIO_PIN_11, 0);
../Src/stm32f3xx_it.c(617): warning:  #188-D: enumerated type mixed with another type
  				HAL_GPIO_WritePin(GPIOD, GPIO_PIN_8, 1);
../Src/stm32f3xx_it.c(620): warning:  #188-D: enumerated type mixed with another type
  				HAL_GPIO_WritePin(GPIOD, GPIO_PIN_8, 0);
../Src/stm32f3xx_it.c(622): warning:  #188-D: enumerated type mixed with another type
  				HAL_GPIO_WritePin(GPIOD, GPIO_PIN_9, 1);
../Src/stm32f3xx_it.c(625): warning:  #188-D: enumerated type mixed with another type
  				HAL_GPIO_WritePin(GPIOD, GPIO_PIN_9, 0);
../Src/stm32f3xx_it.c(627): warning:  #188-D: enumerated type mixed with another type
  				HAL_GPIO_WritePin(GPIOD, GPIO_PIN_10, 1);
../Src/stm32f3xx_it.c(630): warning:  #188-D: enumerated type mixed with another type
  				HAL_GPIO_WritePin(GPIOD, GPIO_PIN_10, 0);
../Src/stm32f3xx_it.c(632): warning:  #188-D: enumerated type mixed with another type
  				HAL_GPIO_WritePin(GPIOD, GPIO_PIN_11, 1);
../Src/stm32f3xx_it.c(719): warning:  #188-D: enumerated type mixed with another type
  				HAL_GPIO_WritePin(GPIOD, GPIO_PIN_8|GPIO_PIN_9|GPIO_PIN_10|GPIO_PIN_11, 1);
../Src/stm32f3xx_it.c: 30 warnings, 0 errors
linking...
Program Size: Code=25164 RO-data=704 RW-data=128 ZI-data=3072  
"Smart house\Smart house.axf" - 0 Error(s), 30 Warning(s).

<h2>Software Packages used:</h2>

Package Vendor: ARM
                http://www.keil.com/pack/ARM.CMSIS.5.7.0.pack
                ARM.CMSIS.5.7.0
                CMSIS (Cortex Microcontroller Software Interface Standard)
   * Component: CORE Version: 5.4.0

Package Vendor: Keil
                http://www.keil.com/pack/Keil.STM32F3xx_DFP.2.1.0.pack
                Keil.STM32F3xx_DFP.2.1.0
                STMicroelectronics STM32F3 Series Device Support and Examples

<h2>Collection of Component include folders:</h2>
  .\RTE\_SmartHouse
  C:\Users\User\AppData\Local\Arm\Packs\ARM\CMSIS\5.7.0\CMSIS\Core\Include
  C:\Users\User\AppData\Local\Arm\Packs\Keil\STM32F3xx_DFP\2.1.0\Drivers\CMSIS\Device\ST\STM32F3xx\Include

<h2>Collection of Component Files used:</h2>

   * Component: ARM::CMSIS:CORE:5.4.0
Build Time Elapsed:  00:00:02
</pre>
</body>
</html>
